
> crm_promolider_frontend@0.0.0 build
> vite build

[36mvite v8.0.16 [32mbuilding client environment for production...[36m[39m
[2K
transforming...Γ£ô 27 modules transformed.
rendering chunks...
computing gzip size...
dist/index.html                  0.48 kB Γöé gzip:  0.32 kB
dist/assets/index-CRsVTIFR.css  24.27 kB Γöé gzip:  5.46 kB
dist/assets/index-DuzABYEM.js   88.17 kB Γöé gzip: 34.17 kB

node.exe : [31mΓ£ù[39m Build failed in 696ms
En línea: 1 Carácter: 1
+ & "C:\Program Files\nodejs/node.exe" "C:\Users\2004r\AppData\Roaming\ ...
+ ~~~~~~~~~~~~~~~~~~~~~~~~~~~~~~~~~~~~~~~~~~~~~~~~~~~~~~~~~~~~~~~~~~~~~
    + CategoryInfo          : NotSpecified: ([31mΓ£ù[39m Build failed in 696ms:String) [], RemoteException
    + FullyQualifiedErrorId : NativeCommandError
 
[31merror during build:
[31mBuild failed with 1 error:

Error: [vite]: Rolldown failed to resolve import "@/features/auth/stores/authStore" from "C:/Promolider/00 - 
Promolider_cmr_vcr/crm_promolider_frontend/src/router/index.js".
This is most likely unintended because it can break your application at runtime.
If you do want to externalize this module explicitly add it to
`build.rolldownOptions.external`
    at viteLog (file:///C:/Promolider/00%20-%20Promolider_cmr_vcr/crm_promolider_frontend/node_modules/vite/dist/node/c
hunks/node.js:33346:57)
    at onRollupLog (file:///C:/Promolider/00%20-%20Promolider_cmr_vcr/crm_promolider_frontend/node_modules/vite/dist/no
de/chunks/node.js:33378:7)
    at onLog (file:///C:/Promolider/00%20-%20Promolider_cmr_vcr/crm_promolider_frontend/node_modules/vite/dist/node/chu
nks/node.js:33146:4)
    at file:///C:/Promolider/00%20-%20Promolider_cmr_vcr/crm_promolider_frontend/node_modules/rolldown/dist/shared/roll
down-build-CrPk_lZe.mjs:50:26
    at logger (file:///C:/Promolider/00%20-%20Promolider_cmr_vcr/crm_promolider_frontend/node_modules/rolldown/dist/sha
red/rolldown-build-CrPk_lZe.mjs:41:3)[31m
    at aggregateBindingErrorsIntoJsError (file:///C:/Promolider/00%20-%20Promolider_cmr_vcr/crm_promolider_frontend/nod
e_modules/rolldown/dist/shared/error-BuvQYXuZ.mjs:48:18)
    at unwrapBindingResult (file:///C:/Promolider/00%20-%20Promolider_cmr_vcr/crm_promolider_frontend/node_modules/roll
down/dist/shared/error-BuvQYXuZ.mjs:18:128)
    at #build (file:///C:/Promolider/00%20-%20Promolider_cmr_vcr/crm_promolider_frontend/node_modules/rolldown/dist/sha
red/rolldown-build-CrPk_lZe.mjs:3246:34)
    at async buildEnvironment (file:///C:/Promolider/00%20-%20Promolider_cmr_vcr/crm_promolider_frontend/node_modules/v
ite/dist/node/chunks/node.js:33253:64)
    at async Object.build (file:///C:/Promolider/00%20-%20Promolider_cmr_vcr/crm_promolider_frontend/node_modules/vite/
dist/node/chunks/node.js:33675:19)
    at async Object.buildApp (file:///C:/Promolider/00%20-%20Promolider_cmr_vcr/crm_promolider_frontend/node_modules/vi
te/dist/node/chunks/node.js:33672:153)
    at async CAC.<anonymous> 
(file:///C:/Promolider/00%20-%20Promolider_cmr_vcr/crm_promolider_frontend/node_modules/vite/dist/node/cli.js:777:3) {
  errors: [Getter/Setter]
}[39m
